[    0.000000] Initializing cgroup subsys cpuset
[    0.000000] Initializing cgroup subsys cpu
[    0.000000] Initializing cgroup subsys cpuacct
[    0.000000] Linux version 4.4.0-176-generic (buildd@lgw01-amd64-035) (gcc version 5.4.0 20160609 (Ubuntu 5.4.0-6ubuntu1~16.04.12) ) #206-Ubuntu SMP Fri Feb 28 05:02:04 UTC 2020 (Ubuntu 4.4.0-176.206-generic 4.4.211)
[    0.000000] Command line: BOOT_IMAGE=/boot/vmlinuz-4.4.0-176-generic root=LABEL=cloudimg-rootfs ro console=tty1 console=ttyS0
[    0.000000] KERNEL supported cpus:
[    0.000000]   Intel GenuineIntel
[    0.000000]   AMD AuthenticAMD
[    0.000000]   Centaur CentaurHauls
[    0.000000] x86/fpu: xstate_offset[2]:  576, xstate_sizes[2]:  256
[    0.000000] x86/fpu: Supporting XSAVE feature 0x01: 'x87 floating point registers'
[    0.000000] x86/fpu: Supporting XSAVE feature 0x02: 'SSE registers'
[    0.000000] x86/fpu: Supporting XSAVE feature 0x04: 'AVX registers'
[    0.000000] x86/fpu: Enabled xstate features 0x7, context size is 832 bytes, using 'standard' format.
[    0.000000] e820: BIOS-provided physical RAM map:
[    0.000000] BIOS-e820: [mem 0x0000000000000000-0x000000000009fbff] usable
[    0.000000] BIOS-e820: [mem 0x000000000009fc00-0x000000000009ffff] reserved
[    0.000000] BIOS-e820: [mem 0x00000000000f0000-0x00000000000fffff] reserved
[    0.000000] BIOS-e820: [mem 0x0000000000100000-0x000000003ffeffff] usable
[    0.000000] BIOS-e820: [mem 0x000000003fff0000-0x000000003fffffff] ACPI data
[    0.000000] BIOS-e820: [mem 0x00000000fec00000-0x00000000fec00fff] reserved
[    0.000000] BIOS-e820: [mem 0x00000000fee00000-0x00000000fee00fff] reserved
[    0.000000] BIOS-e820: [mem 0x00000000fffc0000-0x00000000ffffffff] reserved
[    0.000000] NX (Execute Disable) protection: active
[    0.000000] SMBIOS 2.5 present.
[    0.000000] Hypervisor detected: KVM
[    0.000000] e820: last_pfn = 0x3fff0 max_arch_pfn = 0x400000000
[    0.000000] MTRR: Disabled
[    0.000000] x86/PAT: MTRRs disabled, skipping PAT initialization too.
[    0.000000] CPU MTRRs all blank - virtualized system.
[    0.000000] x86/PAT: Configuration [0-7]: WB  WT  UC- UC  WB  WT  UC- UC  
[    0.000000] found SMP MP-table at [mem 0x0009fff0-0x0009ffff] mapped at [ffff88000009fff0]
[    0.000000] Scanning 1 areas for low memory corruption
[    0.000000] RAMDISK: [mem 0x362e0000-0x37167fff]
[    0.000000] ACPI: Early table checksum verification disabled
[    0.000000] ACPI: RSDP 0x00000000000E0000 000024 (v02 VBOX  )
[    0.000000] ACPI: XSDT 0x000000003FFF0030 00003C (v01 VBOX   VBOXXSDT 00000001 ASL  00000061)
[    0.000000] ACPI: FACP 0x000000003FFF00F0 0000F4 (v04 VBOX   VBOXFACP 00000001 ASL  00000061)
[    0.000000] ACPI: DSDT 0x000000003FFF0470 002325 (v02 VBOX   VBOXBIOS 00000002 INTL 20100528)
[    0.000000] ACPI: FACS 0x000000003FFF0200 000040
[    0.000000] ACPI: FACS 0x000000003FFF0200 000040
[    0.000000] ACPI: APIC 0x000000003FFF0240 00005C (v02 VBOX   VBOXAPIC 00000001 ASL  00000061)
[    0.000000] ACPI: SSDT 0x000000003FFF02A0 0001CC (v01 VBOX   VBOXCPUT 00000002 INTL 20100528)
[    0.000000] No NUMA configuration found
[    0.000000] Faking a node at [mem 0x0000000000000000-0x000000003ffeffff]
[    0.000000] NODE_DATA(0) allocated [mem 0x3ffeb000-0x3ffeffff]
[    0.000000] kvm-clock: Using msrs 4b564d01 and 4b564d00
[    0.000000] kvm-clock: cpu 0, msr 0:3ffe3001, primary cpu clock
[    0.000000] kvm-clock: using sched offset of 7808179910 cycles
[    0.000000] clocksource: kvm-clock: mask: 0xffffffffffffffff max_cycles: 0x1cd42e4dffb, max_idle_ns: 881590591483 ns
[    0.000000] Zone ranges:
[    0.000000]   DMA      [mem 0x0000000000001000-0x0000000000ffffff]
[    0.000000]   DMA32    [mem 0x0000000001000000-0x000000003ffeffff]
[    0.000000]   Normal   empty
[    0.000000]   Device   empty
[    0.000000] Movable zone start for each node
[    0.000000] Early memory node ranges
[    0.000000]   node   0: [mem 0x0000000000001000-0x000000000009efff]
[    0.000000]   node   0: [mem 0x0000000000100000-0x000000003ffeffff]
[    0.000000] Initmem setup node 0 [mem 0x0000000000001000-0x000000003ffeffff]
[    0.000000] ACPI: PM-Timer IO Port: 0x4008
[    0.000000] IOAPIC[0]: apic_id 2, version 32, address 0xfec00000, GSI 0-23
[    0.000000] ACPI: INT_SRC_OVR (bus 0 bus_irq 0 global_irq 2 dfl dfl)
[    0.000000] ACPI: INT_SRC_OVR (bus 0 bus_irq 9 global_irq 9 low level)
[    0.000000] Using ACPI (MADT) for SMP configuration information
[    0.000000] smpboot: Allowing 2 CPUs, 0 hotplug CPUs
[    0.000000] PM: Registered nosave memory: [mem 0x00000000-0x00000fff]
[    0.000000] PM: Registered nosave memory: [mem 0x0009f000-0x0009ffff]
[    0.000000] PM: Registered nosave memory: [mem 0x000a0000-0x000effff]
[    0.000000] PM: Registered nosave memory: [mem 0x000f0000-0x000fffff]
[    0.000000] e820: [mem 0x40000000-0xfebfffff] available for PCI devices
[    0.000000] Booting paravirtualized kernel on KVM
[    0.000000] clocksource: refined-jiffies: mask: 0xffffffff max_cycles: 0xffffffff, max_idle_ns: 7645519600211568 ns
[    0.000000] setup_percpu: NR_CPUS:512 nr_cpumask_bits:512 nr_cpu_ids:2 nr_node_ids:1
[    0.000000] PERCPU: Embedded 33 pages/cpu @ffff88003fc00000 s95448 r8192 d31528 u1048576
[    0.000000] Built 1 zonelists in Node order, mobility grouping on.  Total pages: 257912
[    0.000000] Policy zone: DMA32
[    0.000000] Kernel command line: BOOT_IMAGE=/boot/vmlinuz-4.4.0-176-generic root=LABEL=cloudimg-rootfs ro console=tty1 console=ttyS0
[    0.000000] PID hash table entries: 4096 (order: 3, 32768 bytes)
[    0.000000] Memory: 997672K/1048120K available (8626K kernel code, 1336K rwdata, 4032K rodata, 1488K init, 1292K bss, 50448K reserved, 0K cma-reserved)
[    0.000000] SLUB: HWalign=64, Order=0-3, MinObjects=0, CPUs=2, Nodes=1
[    0.000000] Kernel/User page tables isolation: enabled
[    0.000000] Hierarchical RCU implementation.
[    0.000000] 	Build-time adjustment of leaf fanout to 64.
[    0.000000] 	RCU restricting CPUs from NR_CPUS=512 to nr_cpu_ids=2.
[    0.000000] RCU: Adjusting geometry for rcu_fanout_leaf=64, nr_cpu_ids=2
[    0.000000] NR_IRQS:33024 nr_irqs:440 16
[    0.000000] Console: colour VGA+ 80x25
[    0.000000] console [tty1] enabled
[    0.000000] console [ttyS0] enabled
[    0.000000] tsc: Detected 1599.999 MHz processor
[    0.655408] Calibrating delay loop (skipped) preset value.. 3199.99 BogoMIPS (lpj=6399996)
[    0.677402] pid_max: default: 32768 minimum: 301
[    0.682319] ACPI: Core revision 20150930
[    0.690308] ACPI: 2 ACPI AML tables successfully acquired and loaded
[    0.702259] Security Framework initialized
[    0.709536] Yama: becoming mindful.
[    0.717881] AppArmor: AppArmor initialized
[    0.724588] Dentry cache hash table entries: 131072 (order: 8, 1048576 bytes)
[    0.736516] Inode-cache hash table entries: 65536 (order: 7, 524288 bytes)
[    0.745952] Mount-cache hash table entries: 2048 (order: 2, 16384 bytes)
[    0.756584] Mountpoint-cache hash table entries: 2048 (order: 2, 16384 bytes)
[    0.782446] Initializing cgroup subsys io
[    0.788062] Initializing cgroup subsys memory
[    0.797168] Initializing cgroup subsys devices
[    0.803318] Initializing cgroup subsys freezer
[    0.805365] Initializing cgroup subsys net_cls
[    0.807343] Initializing cgroup subsys perf_event
[    0.808998] Initializing cgroup subsys net_prio
[    0.812776] Initializing cgroup subsys hugetlb
[    0.814372] Initializing cgroup subsys pids
[    0.822754] mce: CPU supports 0 MCE banks
[    0.825537] Last level iTLB entries: 4KB 64, 2MB 8, 4MB 8
[    0.829563] Last level dTLB entries: 4KB 64, 2MB 0, 4MB 0, 1GB 4
[    0.831973] Spectre V1 : Mitigation: usercopy/swapgs barriers and __user pointer sanitization
[    0.834767] Spectre V2 : Mitigation: Full generic retpoline
[    0.836893] Spectre V2 : Spectre v2 / SpectreRSB mitigation: Filling RSB on context switch
[    0.840674] Speculative Store Bypass: Vulnerable
[    0.842674] MDS: Mitigation: Clear CPU buffers
[    0.850422] Freeing SMP alternatives memory: 36K
[    0.862270] ftrace: allocating 32305 entries in 127 pages
[    0.949474] smpboot: APIC(0) Converting physical 0 to logical package 0
[    0.951962] smpboot: Max logical packages: 1
[    0.953914] x2apic enabled
[    0.955801] Switched APIC routing to physical x2apic.
[    0.958684] ..TIMER: vector=0x30 apic1=0 pin1=2 apic2=-1 pin2=-1
[    1.069398] smpboot: CPU0: Intel(R) Core(TM) i5-5250U CPU @ 1.60GHz (family: 0x6, model: 0x3d, stepping: 0x4)
[    1.074724] Performance Events: unsupported p6 CPU model 61 no PMU driver, software events only.
[    1.093940] KVM setup paravirtual spinlock
[    1.096374] x86: Booting SMP configuration:
[    1.098085] .... node  #0, CPUs:      #1
[    1.100288] kvm-clock: cpu 1, msr 0:3ffe3041, secondary cpu clock
[    1.109093] mce: CPU supports 0 MCE banks
[    1.113392] x86: Booted up 1 node, 2 CPUs
[    1.115929] smpboot: Total of 2 processors activated (6399.99 BogoMIPS)
[    1.119328] devtmpfs: initialized
[    1.122340] evm: security.selinux
[    1.123705] evm: security.SMACK64
[    1.125279] evm: security.SMACK64EXEC
[    1.127134] evm: security.SMACK64TRANSMUTE
[    1.129400] evm: security.SMACK64MMAP
[    1.131516] evm: security.ima
[    1.133177] evm: security.capability
[    1.136541] clocksource: jiffies: mask: 0xffffffff max_cycles: 0xffffffff, max_idle_ns: 7645041785100000 ns
[    1.142564] futex hash table entries: 512 (order: 3, 32768 bytes)
[    1.144939] pinctrl core: initialized pinctrl subsystem
[    1.147136] RTC time: 15:44:01, date: 04/23/20
[    1.149004] NET: Registered protocol family 16
[    1.161532] cpuidle: using governor ladder
[    1.174277] cpuidle: using governor menu
[    1.176720] PCCT header not found.
[    1.178440] ACPI: bus type PCI registered
[    1.180374] acpiphp: ACPI Hot Plug PCI Controller Driver version: 0.5
[    1.183012] PCI: Using configuration type 1 for base access
[    1.198470] ACPI: Added _OSI(Module Device)
[    1.200080] ACPI: Added _OSI(Processor Device)
[    1.202416] ACPI: Added _OSI(3.0 _SCP Extensions)
[    1.204573] ACPI: Added _OSI(Processor Aggregator Device)
[    1.208435] ACPI: Executed 1 blocks of module-level executable AML code
[    1.214015] ACPI: Interpreter enabled
[    1.215417] ACPI: (supports S0 S5)
[    1.216696] ACPI: Using IOAPIC for interrupt routing
[    1.218911] PCI: Using host bridge windows from ACPI; if necessary, use "pci=nocrs" and report a bug
[    1.228749] ACPI: PCI Root Bridge [PCI0] (domain 0000 [bus 00-ff])
[    1.231719] acpi PNP0A03:00: _OSC: OS supports [ASPM ClockPM Segments MSI]
[    1.235907] acpi PNP0A03:00: _OSC: not requesting OS control; OS requires [ExtendedConfig ASPM ClockPM MSI]
[    1.240708] acpi PNP0A03:00: fail to add MMCONFIG information, can't access extended PCI configuration space under this bridge.
[    1.246470] PCI host bridge to bus 0000:00
[    1.248029] pci_bus 0000:00: root bus resource [io  0x0000-0x0cf7 window]
[    1.251033] pci_bus 0000:00: root bus resource [io  0x0d00-0xffff window]
[    1.253381] pci_bus 0000:00: root bus resource [mem 0x000a0000-0x000bffff window]
[    1.256209] pci_bus 0000:00: root bus resource [mem 0x40000000-0xfdffffff window]
[    1.259450] pci_bus 0000:00: root bus resource [bus 00-ff]
[    1.264694] pci 0000:00:01.1: legacy IDE quirk: reg 0x10: [io  0x01f0-0x01f7]
[    1.266737] pci 0000:00:01.1: legacy IDE quirk: reg 0x14: [io  0x03f6]
[    1.270632] pci 0000:00:01.1: legacy IDE quirk: reg 0x18: [io  0x0170-0x0177]
[    1.275160] pci 0000:00:01.1: legacy IDE quirk: reg 0x1c: [io  0x0376]
[    1.318447] pci 0000:00:07.0: quirk: [io  0x4000-0x403f] claimed by PIIX4 ACPI
[    1.322501] pci 0000:00:07.0: quirk: [io  0x4100-0x410f] claimed by PIIX4 SMB
[    1.343161] ACPI: PCI Interrupt Link [LNKA] (IRQs 5 9 10 *11)
[    1.346294] ACPI: PCI Interrupt Link [LNKB] (IRQs 5 9 *10 11)
[    1.348750] ACPI: PCI Interrupt Link [LNKC] (IRQs 5 *9 10 11)
[    1.351383] ACPI: PCI Interrupt Link [LNKD] (IRQs 5 9 10 *11)
[    1.353788] ACPI: Enabled 2 GPEs in block 00 to 07
[    1.356321] vgaarb: setting as boot device: PCI:0000:00:02.0
[    1.358055] vgaarb: device added: PCI:0000:00:02.0,decodes=io+mem,owns=io+mem,locks=none
[    1.361524] vgaarb: loaded
[    1.362470] vgaarb: bridge control possible 0000:00:02.0
[    1.365121] SCSI subsystem initialized
[    1.366883] ACPI: bus type USB registered
[    1.368811] usbcore: registered new interface driver usbfs
[    1.371107] usbcore: registered new interface driver hub
[    1.373442] usbcore: registered new device driver usb
[    1.375674] PCI: Using ACPI for IRQ routing
[    1.380077] NetLabel: Initializing
[    1.381783] NetLabel:  domain hash size = 128
[    1.383588] NetLabel:  protocols = UNLABELED CIPSOv4
[    1.389233] NetLabel:  unlabeled traffic allowed by default
[    1.394761] amd_nb: Cannot enumerate AMD northbridges
[    1.397487] clocksource: Switched to clocksource kvm-clock
[    1.409444] AppArmor: AppArmor Filesystem Enabled
[    1.411266] pnp: PnP ACPI init
[    1.414114] pnp: PnP ACPI: found 3 devices
[    1.427131] clocksource: acpi_pm: mask: 0xffffff max_cycles: 0xffffff, max_idle_ns: 2085701024 ns
[    1.430507] NET: Registered protocol family 2
[    1.433095] TCP established hash table entries: 8192 (order: 4, 65536 bytes)
[    1.435788] TCP bind hash table entries: 8192 (order: 5, 131072 bytes)
[    1.438059] TCP: Hash tables configured (established 8192 bind 8192)
[    1.439991] UDP hash table entries: 512 (order: 2, 16384 bytes)
[    1.441953] UDP-Lite hash table entries: 512 (order: 2, 16384 bytes)
[    1.444282] NET: Registered protocol family 1
[    1.445886] pci 0000:00:00.0: Limiting direct PCI/PCI transfers
[    1.447919] pci 0000:00:01.0: Activating ISA DMA hang workarounds
[    1.450296] Unpacking initramfs...
[    1.737617] Freeing initrd memory: 14880K
[    1.740346] RAPL PMU detected, API unit is 2^-32 Joules, 4 fixed counters 10737418240 ms ovfl timer
[    1.743835] hw unit of domain pp0-core 2^-0 Joules
[    1.745605] hw unit of domain package 2^-0 Joules
[    1.747465] hw unit of domain dram 2^-0 Joules
[    1.749163] hw unit of domain pp1-gpu 2^-0 Joules
[    1.750850] clocksource: tsc: mask: 0xffffffffffffffff max_cycles: 0x171023f09ff, max_idle_ns: 440795233615 ns
[    1.754423] platform rtc_cmos: registered platform RTC device (no PNP device found)
[    1.758039] Scanning for low memory corruption every 60 seconds
[    1.761103] audit: initializing netlink subsys (disabled)
[    1.763089] audit: type=2000 audit(1587656651.092:1): initialized
[    1.765286] Initialise system trusted keyring
[    1.767183] HugeTLB registered 2 MB page size, pre-allocated 0 pages
[    1.770825] zbud: loaded
[    1.772334] VFS: Disk quotas dquot_6.6.0
[    1.773731] VFS: Dquot-cache hash table entries: 512 (order 0, 4096 bytes)
[    1.777323] squashfs: version 4.0 (2009/01/31) Phillip Lougher
[    1.780553] fuse init (API version 7.23)
[    1.782572] Key type big_key registered
[    1.784481] Allocating IMA MOK and blacklist keyrings.
[    1.788604] Key type asymmetric registered
[    1.790108] Asymmetric key parser 'x509' registered
[    1.791671] Block layer SCSI generic (bsg) driver version 0.4 loaded (major 249)
[    1.794309] io scheduler noop registered
[    1.795607] io scheduler deadline registered (default)
[    1.797227] io scheduler cfq registered
[    1.799200] pci_hotplug: PCI Hot Plug PCI Core version: 0.5
[    1.800951] pciehp: PCI Express Hot Plug Controller Driver version: 0.4
[    1.803642] ACPI: AC Adapter [AC] (off-line)
[    1.805114] input: Power Button as /devices/LNXSYSTM:00/LNXPWRBN:00/input/input0
[    1.807950] ACPI: Power Button [PWRF]
[    1.809333] input: Sleep Button as /devices/LNXSYSTM:00/LNXSLPBN:00/input/input1
[    1.812108] ACPI: Sleep Button [SLPF]
[    1.816052] ACPI: Battery Slot [BAT0] (battery present)
[    1.818025] GHES: HEST is not enabled!
[    1.819548] Serial: 8250/16550 driver, 32 ports, IRQ sharing enabled
[    1.842705] 00:02: ttyS0 at I/O 0x3f8 (irq = 4, base_baud = 115200) is a 16550A
[    1.848809] Linux agpgart interface v0.103
[    1.853451] loop: module loaded
[    1.856984] scsi host0: ata_piix
[    1.858711] scsi host1: ata_piix
[    1.860802] ata1: PATA max UDMA/33 cmd 0x1f0 ctl 0x3f6 bmdma 0xd000 irq 14
[    1.863660] ata2: PATA max UDMA/33 cmd 0x170 ctl 0x376 bmdma 0xd008 irq 15
[    1.868535] libphy: Fixed MDIO Bus: probed
[    1.871324] tun: Universal TUN/TAP device driver, 1.6
[    1.874261] tun: (C) 1999-2004 Max Krasnyansky <maxk@qualcomm.com>
[    1.877688] PPP generic driver version 2.4.2
[    1.880617] ehci_hcd: USB 2.0 'Enhanced' Host Controller (EHCI) Driver
[    1.885318] ehci-pci: EHCI PCI platform driver
[    1.888265] ehci-platform: EHCI generic platform driver
[    1.891339] ohci_hcd: USB 1.1 'Open' Host Controller (OHCI) Driver
[    1.894791] ohci-pci: OHCI PCI platform driver
[    1.897981] ohci-platform: OHCI generic platform driver
[    1.901848] uhci_hcd: USB Universal Host Controller Interface driver
[    1.905465] i8042: PNP: PS/2 Controller [PNP0303:PS2K,PNP0f03:PS2M] at 0x60,0x64 irq 1,12
[    1.912276] serio: i8042 KBD port at 0x60,0x64 irq 1
[    1.915431] serio: i8042 AUX port at 0x60,0x64 irq 12
[    1.919581] mousedev: PS/2 mouse device common for all mice
[    1.925743] input: AT Translated Set 2 keyboard as /devices/platform/i8042/serio0/input/input2
[    1.932053] rtc_cmos rtc_cmos: rtc core: registered rtc_cmos as rtc0
[    1.936120] rtc_cmos rtc_cmos: alarms up to one day, 114 bytes nvram
[    1.943939] i2c /dev entries driver
[    1.947055] device-mapper: uevent: version 1.0.3
[    1.950898] device-mapper: ioctl: 4.34.0-ioctl (2015-10-28) initialised: dm-devel@redhat.com
[    1.957114] ledtrig-cpu: registered to indicate activity on CPUs
[    1.965006] NET: Registered protocol family 10
[    1.969078] NET: Registered protocol family 17
[    1.972586] Key type dns_resolver registered
[    1.977381] registered taskstats version 1
[    1.980915] Loading compiled-in X.509 certificates
[    1.983756] Loaded X.509 cert 'Build time autogenerated kernel key: c2b7431ed9258328a3a0cf301f850647788d8e61'
[    1.987652] zswap: loaded using pool lzo/zbud
[    1.991878] Key type trusted registered
[    2.000526] Key type encrypted registered
[    2.002163] AppArmor: AppArmor sha1 policy hashing enabled
[    2.004827] ima: No TPM chip found, activating TPM-bypass!
[    2.006947] ima: Allocated hash algorithm: sha1
[    2.009127] evm: HMAC attrs: 0x1
[    2.011244]   Magic number: 0:990:740
[    2.012724] rtc_cmos rtc_cmos: setting system clock to 2020-04-23 15:44:02 UTC (1587656642)
[    2.016015] BIOS EDD facility v0.16 2004-Jun-25, 0 devices found
[    2.018431] EDD information not available.
[    2.049175] Freeing unused kernel memory: 1488K
[    2.051473] Write protecting the kernel read-only data: 14336k
[    2.054428] Freeing unused kernel memory: 1604K
[    2.056360] Freeing unused kernel memory: 64K
Loading, please wait...
starting version 229
[    2.082294] random: systemd-udevd: uninitialized urandom read (16 bytes read, 5 bits of entropy available)
[    2.083132] random: udevadm: uninitialized urandom read (16 bytes read, 5 bits of entropy available)
[    2.083164] random: udevadm: uninitialized urandom read (16 bytes read, 5 bits of entropy available)
[    2.092822] random: systemd-udevd: uninitialized urandom read (16 bytes read, 5 bits of entropy available)
[    2.097585] random: udevadm: uninitialized urandom read (16 bytes read, 5 bits of entropy available)
[    2.097663] random: udevadm: uninitialized urandom read (16 bytes read, 5 bits of entropy available)
[    2.098024] random: udevadm: uninitialized urandom read (16 bytes read, 5 bits of entropy available)
[    2.098483] random: udevadm: uninitialized urandom read (16 bytes read, 5 bits of entropy available)
[    2.098590] random: udevadm: uninitialized urandom read (16 bytes read, 5 bits of entropy available)
[    2.098753] random: udevadm: uninitialized urandom read (16 bytes read, 5 bits of entropy available)
[    2.173493] Fusion MPT base driver 3.04.20
[    2.175757] Copyright (c) 1999-2008 LSI Corporation
[    2.185234] e1000: Intel(R) PRO/1000 Network Driver - version 7.3.21-k8-NAPI
[    2.188177] e1000: Copyright (c) 1999-2006 Intel Corporation.
[    2.196809] Fusion MPT SPI Host driver 3.04.20
[    2.212569] AVX2 version of gcm_enc/dec engaged.
[    2.215992] AES CTR mode by8 optimization enabled
[    2.423054] input: ImExPS/2 Generic Explorer Mouse as /devices/platform/i8042/serio1/input/input4
[    2.776983] e1000 0000:00:03.0 eth0: (PCI:33MHz:32-bit) 02:90:e9:96:cf:60
[    2.780481] e1000 0000:00:03.0 eth0: Intel(R) PRO/1000 Network Connection
[    3.640780] e1000 0000:00:08.0 eth1: (PCI:33MHz:32-bit) 08:00:27:3b:e2:21
[    3.643247] e1000 0000:00:08.0 eth1: Intel(R) PRO/1000 Network Connection
[    3.646996] mptbase: ioc0: Initiating bringup
[    3.647105] e1000 0000:00:03.0 enp0s3: renamed from eth0
[    3.662539] e1000 0000:00:08.0 enp0s8: renamed from eth1
[    3.717775] ioc0: LSI53C1030 A0: Capabilities={Initiator}
[    3.881693] scsi host2: ioc0: LSI53C1030 A0, FwRev=00000000h, Ports=1, MaxQ=256, IRQ=20
[    3.994497] scsi 2:0:0:0: Direct-Access     VBOX     HARDDISK         1.0  PQ: 0 ANSI: 5
[    3.998457] scsi target2:0:0: Beginning Domain Validation
[    4.016485] scsi target2:0:0: Domain Validation skipping write tests
[    4.018616] scsi target2:0:0: Ending Domain Validation
[    4.020500] scsi target2:0:0: asynchronous
[    4.023308] scsi 2:0:1:0: Direct-Access     VBOX     HARDDISK         1.0  PQ: 0 ANSI: 5
[    4.026215] scsi target2:0:1: Beginning Domain Validation
[    4.031162] scsi target2:0:1: Domain Validation skipping write tests
[    4.033165] scsi target2:0:1: Ending Domain Validation
[    4.034895] scsi target2:0:1: asynchronous
[    4.047966] sd 2:0:0:0: Attached scsi generic sg0 type 0
[    4.050133] sd 2:0:0:0: [sda] 20971520 512-byte logical blocks: (10.7 GB/10.0 GiB)
[    4.052777] sd 2:0:1:0: Attached scsi generic sg1 type 0
[    4.053259] sd 2:0:1:0: [sdb] 20480 512-byte logical blocks: (10.5 MB/10.0 MiB)
[    4.053859] sd 2:0:1:0: [sdb] Write Protect is off
[    4.054132] sd 2:0:1:0: [sdb] Incomplete mode parameter data
[    4.054134] sd 2:0:1:0: [sdb] Assuming drive cache: write through
[    4.058079] sd 2:0:0:0: [sda] Write Protect is off
[    4.058289] sd 2:0:0:0: [sda] Incomplete mode parameter data
[    4.058291] sd 2:0:0:0: [sda] Assuming drive cache: write through
[    4.061057] sd 2:0:1:0: [sdb] Attached SCSI disk
[    4.065820]  sda: sda1
[    4.067111] sd 2:0:0:0: [sda] Attached SCSI disk
Begin: Loading essential drivers ... [    5.590794] md: linear personality registered for level -1
[    5.599227] md: multipath personality registered for level -4
[    5.605218] md: raid0 personality registered for level 0
[    5.613154] md: raid1 personality registered for level 1
[    5.685603] raid6: sse2x1   gen()  7508 MB/s
[    5.753677] raid6: sse2x1   xor()  5391 MB/s
[    5.821823] raid6: sse2x2   gen()  8563 MB/s
[    5.889755] raid6: sse2x2   xor()  6192 MB/s
[    5.957566] raid6: sse2x4   gen() 10388 MB/s
[    6.025647] raid6: sse2x4   xor()  7214 MB/s
[    6.094003] raid6: avx2x1   gen() 13611 MB/s
[    6.161562] raid6: avx2x2   gen() 16657 MB/s
[    6.229535] raid6: avx2x4   gen() 18032 MB/s
[    6.231278] raid6: using algorithm avx2x4 gen() 18032 MB/s
[    6.233126] raid6: using avx2x2 recovery algorithm
[    6.236852] xor: automatically using best checksumming function:
[    6.277686]    avx       : 21546.000 MB/sec
[    6.281275] async_tx: api initialized (async)
[    6.297155] md: raid6 personality registered for level 6
[    6.299810] md: raid5 personality registered for level 5
[    6.301871] md: raid4 personality registered for level 4
[    6.314622] md: raid10 personality registered for level 10
done.
Begin: Running /scripts/init-premount ... done.
Begin: Mounting root file system ... Begin: Running /scripts/local-top ... done.
Begin: Running /scripts/local-premount ... [    6.362074] Btrfs loaded
Scanning for Btrfs filesystems
done.
Warning: fsck not present, so skipping root file system
[    6.442347] EXT4-fs (sda1): mounted filesystem with ordered data mode. Opts: (null)
done.
Begin: Running /scripts/local-bottom ... done.
Begin: Running /scripts/init-bottom ... done.
[    6.677204] systemd[1]: systemd 229 running in system mode. (+PAM +AUDIT +SELINUX +IMA +APPARMOR +SMACK +SYSVINIT +UTMP +LIBCRYPTSETUP +GCRYPT +GNUTLS +ACL +XZ -LZ4 +SECCOMP +BLKID +ELFUTILS +KMOD -IDN)
[    6.684415] systemd[1]: Detected virtualization oracle.
[    6.686449] systemd[1]: Detected architecture x86-64.

Welcome to [1mUbuntu 16.04.6 LTS[0m!

[    6.697847] systemd[1]: Set hostname to <ubuntu>.
[    6.704815] systemd[1]: Initializing machine ID from random generator.
[    6.707011] systemd[1]: Installed transient /etc/machine-id file.
[    6.992999] systemd[1]: Listening on udev Kernel Socket.
[[0;32m  OK  [0m] Listening on udev Kernel Socket.
[    6.997006] systemd[1]: Listening on Journal Socket.
[[0;32m  OK  [0m] Listening on Journal Socket.
[    7.000675] systemd[1]: Reached target System Time Synchronized.
[[0;32m  OK  [0m] Reached target System Time Synchronized.
[    7.006160] systemd[1]: Reached target Encrypted Volumes.
[[0;32m  OK  [0m] Reached target Encrypted Volumes.
[    7.009989] systemd[1]: Listening on Journal Socket (/dev/log).
[[0;32m  OK  [0m] Listening on Journal Socket (/dev/log).
[    7.014285] systemd[1]: Started Forward Password Requests to Wall Directory Watch.
[[0;32m  OK  [0m] Started Forward Password Requests to Wall Directory Watch.
[    7.019437] systemd[1]: Listening on Journal Audit Socket.
[[0;32m  OK  [0m] Listening on Journal Audit Socket.
[    7.023636] systemd[1]: Listening on LVM2 poll daemon socket.
[[0;32m  OK  [0m] Listening on LVM2 poll daemon socket.
[    7.027566] systemd[1]: Reached target Swap.
[[0;32m  OK  [0m] Reached target Swap.
[    7.031071] systemd[1]: Listening on /dev/initctl Compatibility Named Pipe.
[[0;32m  OK  [0m] Listening on /dev/initctl Compatibility Named Pipe.
[    7.035791] systemd[1]: Created slice User and Session Slice.
[[0;32m  OK  [0m] Created slice User and Session Slice.
[    7.040353] systemd[1]: Listening on udev Control Socket.
[[0;32m  OK  [0m] Listening on udev Control Socket.
[    7.044196] systemd[1]: Started Trigger resolvconf update for networkd DNS.
[[0;32m  OK  [0m] Started Trigger resolvconf update for networkd DNS.
[    7.054384] systemd[1]: Created slice System Slice.
[[0;32m  OK  [0m] Created slice System Slice.
[    7.070488] systemd[1]: Starting Set console keymap...
         Starting Set console keymap...
[    7.075699] systemd[1]: Mounting POSIX Message Queue File System...
         Mounting POSIX Message Queue File System...
[    7.083288] systemd[1]: Starting Remount Root and Kernel File Systems...
         Starting Remount Root and Kernel File Systems...
[    7.090909] systemd[1]: Starting Nameserver information manager...
[    7.092804] EXT4-fs (sda1): re-mounted. Opts: (null)
         Starting Nameserver information manager...
[    7.098196] systemd[1]: Created slice system-serial\x2dgetty.slice.
[[0;32m  OK  [0m] Created slice system-serial\x2dgetty.slice.
[    7.103092] systemd[1]: Reached target Slices.
[[0;32m  OK  [0m] Reached target Slices.
[    7.121719] systemd[1]: Mounting Debug File System...
         Mounting Debug File System...
[    7.127912] systemd[1]: Listening on LVM2 metadata daemon socket.
[[0;32m  OK  [0m] Listening on LVM2 metadata daemon socket.
[    7.134674] systemd[1]: Starting Uncomplicated firewall...
         Starting Uncomplicated firewall...
[    7.139155] systemd[1]: Set up automount Arbitrary Executable File Formats File System Automount Point.
[[0;32m  OK  [0m] Set up automount Arbitrary Executab...ats File System Automount Point.
[    7.146125] systemd[1]: Reached target User and Group Name Lookups.
[[0;32m  OK  [0m] Reached target User and Group Name Lookups.
[    7.158081] systemd[1]: Starting Load Kernel Modules...
         Starting Load Kernel Modules...
[    7.163115] systemd[1]: Mounting Huge Pages File System...
         Mounting Huge Pages File System...
[    7.168673] systemd[1]: Starting Create list of required static device nodes for the current kernel...
         Starting Create list of required st... nodes for the current kernel...
[    7.180256] systemd[1]: Listening on Syslog Socket.
[[0;32m  OK  [0m] Listening on Syslog Socket.
[    7.184997] Loading iSCSI transport class v2.0-870.
[    7.193450] iscsi: registered transport (tcp)
[    7.197956] systemd[1]: Starting Journal Service...
         Starting Journal Service...
[    7.203930] systemd[1]: Listening on Device-mapper event daemon FIFOs.
[[0;32m  OK  [0m] Listening on Device-mapper event daemon FIFOs.
[    7.211339] systemd[1]: Starting Monitoring of LVM2 mirrors, snapshots etc. using dmeventd or progress polling...
         Starting Monitoring of LVM2 mirrors... dmeventd or progress polling...
[    7.230109] systemd[1]: Mounted POSIX Message Queue File System.
[[0;32m  OK  [0m] Mounted POSIX Message Queue File System.
[    7.235083] systemd[1]: Mounted Huge Pages File System.
[[0;32m  OK  [0m] Mounted Huge Pages File System.
[    7.241976] systemd[1]: Mounted Debug File System.
[[0;32m  OK  [0m] Mounted Debug File System.
[    7.247435] systemd[1]: Started Set console keymap.
[[0;32m  OK  [0m] Started Set console keymap.
[    7.252844] systemd[1]: Started Remount Root and Kernel File Systems.
[[0;32m  OK  [0m] Started Remount Root and Kernel File Systems.
[    7.276780] systemd[1]: Started Uncomplicated firewall.
[[0;32m  OK  [0m] Started Uncomplicated firewall.
[    7.281497] systemd[1]: Started Create list of required static device nodes for the current kernel.
[[0;32m  OK  [0m] Started Create list of required sta...ce nodes for the current kernel.
[    7.288661] iscsi: registered transport (iser)
[    7.289391] systemd[1]: Started Nameserver information manager.
[[0;32m  OK  [0m] Started Nameserver information manager.
[    7.297741] systemd[1]: Started Load Kernel Modules.
[[0;32m  OK  [0m] Started Load Kernel Modules.
[    7.305461] systemd[1]: Started Journal Service.
[[0;32m  OK  [0m] Started Journal Service.
[[0;32m  OK  [0m] Started LVM2 metadata daemon.
         Starting Apply Kernel Variables...
         Mounting FUSE Control File System...
         Starting Create Static Device Nodes in /dev...
         Starting Load/Save Random Seed...
[    7.350369] random: nonblocking pool is initialized
         Starting udev Coldplug all Devices...
         Starting Flush Journal to Persistent Storage...
[[0;32m  OK  [0m] Mounted FUSE Control File System.
[[0;32m  OK  [0m] Started Load/Save Random Seed.
[[0;32m  OK  [0m] Started Apply Kernel Variables.
[[0;32m  OK  [0m] Started Flush Journal to Persistent Storage.
[[0;32m  OK  [0m] Started Create Static Device Nodes in /dev.
         Starting udev Kernel Device Manager...
[[0;32m  OK  [0m] Started udev Coldplug all Devices.
[[0;32m  OK  [0m] Started udev Kernel Device Manager.
[[0;32m  OK  [0m] Started Dispatch Password Requests to Console Directory Watch.
[[0;32m  OK  [0m] Started Monitoring of LVM2 mirrors,...ng dmeventd or progress polling.
[[0;32m  OK  [0m] Reached target Local File Systems (Pre).
[[0;32m  OK  [0m] Reached target Local File Systems.
         Starting Create Volatile Files and Directories...
         Starting Initial cloud-init job (pre-networking)...
         Starting Set console font and keymap...
         Starting Commit a transient machine-id on disk...
         Starting LSB: AppArmor initialization...
         Starting Tell Plymouth To Write Out Runtime Data...
[[0;32m  OK  [0m] Started Create Volatile Files and Directories.
[[0;32m  OK  [0m] Found device /dev/ttyS0.
         Starting Update UTMP about System Boot/Shutdown...
[[0;32m  OK  [0m] Started Commit a transient machine-id on disk.
[[0;32m  OK  [0m] Started Tell Plymouth To Write Out Runtime Data.
[[0;32m  OK  [0m] Started Update UTMP about System Boot/Shutdown.
[[0;32m  OK  [0m] Listening on Load/Save RF Kill Switch Status /dev/rfkill Watch.
[[0;32m  OK  [0m] Started LSB: AppArmor initialization.
[[0;32m  OK  [0m] Started Set console font and keymap.
[[0;32m  OK  [0m] Created slice system-getty.slice.
[    9.461575] cloud-init[492]: Cloud-init v. 19.4-33-gbb4131a2-0ubuntu1~16.04.1 running 'init-local' at Thu, 23 Apr 2020 15:44:10 +0000. Up 8.89 seconds.
[[0;32m  OK  [0m] Started Initial cloud-init job (pre-networking).
[[0;32m  OK  [0m] Reached target Network (Pre).
         Starting Raise network interfaces...
[[0;32m  OK  [0m] Started Raise network interfaces.
[[0;32m  OK  [0m] Reached target Network.
         Starting Initial cloud-init job (metadata service crawler)...
[   11.447855] cloud-init[960]: Cloud-init v. 19.4-33-gbb4131a2-0ubuntu1~16.04.1 running 'init' at Thu, 23 Apr 2020 15:44:11 +0000. Up 10.69 seconds.
[   11.452214] cloud-init[960]: ci-info: ++++++++++++++++++++++++++++++++++++++Net device info+++++++++++++++++++++++++++++++++++++++
[   11.455804] cloud-init[960]: ci-info: +--------+-------+----------------------------+---------------+--------+-------------------+
[   11.460514] cloud-init[960]: ci-info: | Device |   Up  |          Address           |      Mask     | Scope  |     Hw-Address    |
[   11.464822] cloud-init[960]: ci-info: +--------+-------+----------------------------+---------------+--------+-------------------+
[   11.469190] cloud-init[960]: ci-info: | enp0s3 |  True |         10.0.2.15          | 255.255.255.0 | global | 02:90:e9:96:cf:60 |
[   11.472967] cloud-init[960]: ci-info: | enp0s3 |  True | fe80::90:e9ff:fe96:cf60/64 |       .       |  link  | 02:90:e9:96:cf:60 |
[   11.476958] cloud-init[960]: ci-info: | enp0s8 | False |             .              |       .       |   .    | 08:00:27:3b:e2:21 |
[   11.481031] cloud-init[960]: ci-info: |   lo   |  True |         127.0.0.1          |   255.0.0.0   |  host  |         .         |
[   11.485278] cloud-init[960]: ci-info: |   lo   |  True |          ::1/128           |       .       |  host  |         .         |
[   11.489445] cloud-init[960]: ci-info: +--------+-------+----------------------------+---------------+--------+-------------------+
[   11.493879] cloud-init[960]: ci-info: +++++++++++++++++++++++++++Route IPv4 info++++++++++++++++++++++++++++
[   11.497432] cloud-init[960]: ci-info: +-------+-------------+----------+---------------+-----------+-------+
[   11.501162] cloud-init[960]: ci-info: | Route | Destination | Gateway  |    Genmask    | Interface | Flags |
[   11.504728] cloud-init[960]: ci-info: +-------+-------------+----------+---------------+-----------+-------+
[   11.508003] cloud-init[960]: ci-info: |   0   |   0.0.0.0   | 10.0.2.2 |    0.0.0.0    |   enp0s3  |   UG  |
[   11.516685] cloud-init[960]: ci-info: |   1   |   10.0.2.0  | 0.0.0.0  | 255.255.255.0 |   enp0s3  |   U   |
[   11.520617] cloud-init[960]: ci-info: +-------+-------------+----------+---------------+-----------+-------+
[   11.520885] cloud-init[960]: ci-info: +++++++++++++++++++Route IPv6 info+++++++++++++++++++
[[0;32m  OK  [0m] Started Initial cloud-init job (metadata service crawler).
[   11.522574] cloud-init[960]: ci-info: +-------+-------------+---------+-----------+-------+
[[   11.528934] cloud-init[960]: ci-info: | Route | Destination | Gateway | Interface | Flags |
[   11.529283] cloud-init[960]: ci-info: +-------+-------------+---------+-----------+-------+
[0;32m  OK  [0m] Reached target System Initialization.
[   11.531340] cloud-init[960]: ci-info: |   0   |  fe80::/64  |    ::   |   enp0s3  |   U   |
[   11.538878] cloud-init[960]: ci-info: |   3   |   ff00::/8  |    ::   |   enp0s3  |   U   |
[   11.539352] cloud-init[960]: ci-info: +-------+-------------+---------+-----------+-------+
[   11.541611] cloud-init[960]: Generating public/private rsa key pair.
         Starting Socket activation for snappy daemon.
[[   11.542555] cloud-init[960]: Your identification has been saved in /etc/ssh/ssh_host_rsa_key.
[   11.546647] cloud-init[960]: Your public key has been saved in /etc/ssh/ssh_host_rsa_key.pub.
[   11.548566] cloud-init[960]: The key fingerprint is:
[   11.549000] cloud-init[960]: SHA256:/F7UK5nUAXYWeiw8h/yMvH/h4ULr49DTLRmlLvUuuLE root@ubuntu-xenial
[   11.549054] cloud-init[960]: The key's randomart image is:
[   11.549099] cloud-init[960]: +---[RSA 2048]----+
[   11.549141] cloud-init[960]: |            o +. |
[   11.549184] cloud-init[960]: |           + B   |
[   11.549274] cloud-init[960]: |            B = .|
[0;32m  OK  [0m] [   11.553008] Listening on UUID daemon activation socket.cloud-init
[960]: |       .   . @ + |
[[   11.554946] cloud-init[960]: |        S   = O  |
[   11.563452] [0;32m  OK  [0mcloud-init] [960]: Started Message of the Day.|         . o.B.B.|

[   11.563944] cloud-init[960]: |          ..X+O.=|
[   11.570353] cloud-init[960]: |         . .oXo=.|
[   11.576885] cloud-init[960]: |          . E++o.|
[   11.577314] [cloud-init[0;32m  OK  [0m[960]: ] +----[SHA256]-----+
Started ACPI Events Check.
[[   11.579411] cloud-init[960]: Generating public/private dsa key pair.
[   11.582279] cloud-init[960]: Your identification has been saved in /etc/ssh/ssh_host_dsa_key.
[0;32m  OK  [0m] Reached target Paths.
[   11.583970] cloud-init[960]: Your public key has been saved in /etc/ssh/ssh_host_dsa_key.pub.
[   11.587927] cloud-init[960]: The key fingerprint is:
[   11.592260] cloud-init[960]: SHA256:lRGNM2g0AgT8jqmmbfmgbv2pUqk2yenJ1CQUur3/IIk root@ubuntu-xenial
[   11.593251] cloud-init[960]: The key's randomart image is:
[   11.594116] cloud-init[960]: +---[DSA 1024]----+
[[0;32m  OK  [0m] Listening on D-Bus System Message Bus Socket.
[   11.594936] cloud-init[960]: | o.oo...o.o+     |
[[0;32m  OK  [0m] Started Daily apt download activities.
[   11.599567] cloud-init[960]: |. o    .o.+o.    |
[   11.602658] cloud-init[960]: |.. .   .  oo     |
[   11.604790] cloud-init[960]: |.o  .    .       |
[   11.606333] cloud-init[960]: |...=.   S        |
[   11.607933] cloud-init[960]: | .*=.            |
[   11.608626] cloud-init[960]: |Eo@o.            |
[   11.609686] cloud-init[960]: |+&+= ..          |
[   11.611632] cloud-init[960]: |X*+o=+.          |
         Starting LXD - unix socket.
[[0;32m  OK  [0m[   11.612998] cloud-init[960]: +----[SHA256]-----+
[   11.615707] cloud-init[960]: Generating public/private ecdsa key pair.
[   11.617116] cloud-init[960]: Your identification has been saved in /etc/ssh/ssh_host_ecdsa_key.
] Started Daily apt upgrade and clean activities.
[[0;32m  OK  [0m[   11.618815] cloud-init[960]: Your public key has been saved in /etc/ssh/ssh_host_ecdsa_key.pub.
[   11.624010] cloud-init[960]: The key fingerprint is:
[   11.624661] cloud-init[960]: SHA256:GnDrnc3Zp7mK+/13jFj0zAz4ATej3dp7XlilJnojy+k root@ubuntu-xenial
] Listening on ACPID Listen Socket.
[   11.627365] cloud-init[960]: The key's randomart image is:
[   11.632771] cloud-init[960]: +---[ECDSA 256]---+
[   11.633097] cloud-init[960]: |                 |
[   11.634710] cloud-init[960]: |            . +  |
[[0;32m  OK  [0m] Started Daily Cleanup of Temporary Directories.
[   11.634951] cloud-init[960]: |    . .      * +.|
[   11.638087] cloud-init[960]: |     o .    o =.o|
[   11.639893] cloud-init[960]: |      o S   .ooX.|
[   11.641216] cloud-init[960]: |     . + + + o+o*|
[   11.641609] cloud-init[960]: |      o o * +oooo|
[[0;32m  OK  [0m] Reached target Timers.
[[   11.641897] cloud-init[960]: |         o *.=..*|
[   11.644766] cloud-init[960]: |        o+E.=o.o+|
[   11.646950] cloud-init[960]: +----[SHA256]-----+
[   11.647550] cloud-init[960]: Generating public/private ed25519 key pair.
[0;32m  OK  [0m] Reached target Network is Online.
[   11.647819] cloud-init[960]: Your identification has been saved in /etc/ssh/ssh_host_ed25519_key.
[   11.660999] cloud-init[960]: Your public key has been saved in /etc/ssh/ssh_host_ed25519_key.pub.
         Starting iSCSI initiator daemon (iscsid)...
[[0;32m  OK  [0m] Reached target Cloud-config availability.
[   11.663889] cloud-init[960]: The key fingerprint is:
[   11.671212] cloud-init[960]: SHA256:0zMOoNyPHFxmRXbw08zsmMWoI80Q2iFgeUVsUik8dlQ root@ubuntu-xenial
[   11.671367] cloud-init[960]: The key's randomart image is:
[   11.675217] cloud-init[960]: +--[ED25519 256]--+
[   11.676556] cloud-init[960]: |    o+.*B+E..    |
[   11.678917] cloud-init[960]: |   .. B+== o B   |
[   11.680521] cloud-init[960]: |     oo**   + B  |
[   11.681933] cloud-init[960]: |   . + = = . *   |
[[0;32m  OK  [0m] Listening on Socket activation for snappy daemon.
[   11.682657] cloud-init[960]: |    o + S O o .  |
[   11.687199] [cloud-init[0;32m  OK  [0m[960]: ] |     . + = +     |Listening on LXD - unix socket.

[   11.687306] cloud-init[960]: |      o . .      |
[   11.700561] cloud-init[960]: |                 |
[[0;32m  OK  [0m] Reached target Sockets.
[   11.707450] [[0;32m  OK  [0m] Reached target Basic System.
cloud-init[960]: |                 |
[   11.712941] cloud-init[960]: +----[SHA256]-----+
         Starting Login Service...
[[0;32m  OK  [0m] Started FUSE filesystem for LXC.
[[0;32m  OK  [0m] Started Regular background program processing daemon.
[[0;32m  OK  [0m] Started D-Bus System Message Bus.
         Starting Virtualbox guest utils...
         Starting Accounts Service...
         Starting LXD - container startup/shutdown...
         Starting Snappy daemon...
         Starting LSB: MD monitoring daemon...
         Starting System Logging Service...
         Starting LSB: Record successful boot for GRUB...
         Starting /etc/rc.local Compatibility...
         Starting Pollinate to seed the pseudo random number generator...
[[0;32m  OK  [0m] Started ACPI event daemon.
[[0;32m  OK  [0m] Started Deferred execution scheduler.
[[0;32m  OK  [0m] Started /etc/rc.local Compatibility.
[[0;32m  OK  [0m] Started Login Service.
[[0;32m  OK  [0m] Started Unattended Upgrades Shutdown.
[[0;32m  OK  [0m] Started iSCSI initiator daemon (iscsid).
         Starting Login to default iSCSI targets...
[[0;32m  OK  [0m] Started System Logging Service.
[[0;32m  OK  [0m] Started LSB: MD monitoring daemon.
[[0;32m  OK  [0m] Started LSB: Record successful boot for GRUB.
         Starting Authenticate and Authorize Users to Run Privileged Tasks...
[[0;32m  OK  [0m] Started Login to default iSCSI targets.
[[0;32m  OK  [0m] Reached target Remote File Systems (Pre).
[[0;32m  OK  [0m] Reached target Remote File Systems.
         Starting LSB: daemon to balance interrupts for SMP systems...
         Starting LSB: Set the CPU Frequency Scaling governor to "ondemand"...
         Starting Permit User Sessions...
         Starting LSB: automatic crash report generation...
[[0;32m  OK  [0m] Started Permit User Sessions.
         Starting Hold until boot process finishes up...
         Starting Terminate Plymouth Boot Screen...
[[0;32m  OK  [0m] Started Hold until boot process finishes up.
[[0;32m  OK  [0m] Started Getty on tty1.
[[0;32m  OK  [0m] Started Serial Getty on ttyS0.
[[0;32m  OK  [0m] Reached target Login Prompts.
         Starting Set console scheme...
[[0;32m  OK  [0m] Started Authenticate and Authorize Users to Run Privileged Tasks.
[[0;32m  OK  [0m] Started Accounts Service.
[[0;32m  OK  [0m] Started Set console scheme.
[[0;32m  OK  [0m] Started Terminate Plymouth Boot Screen.
[[0;32m  OK  [0m] Started LSB: Set the CPU Frequency Scaling governor to "ondemand".
[[0;32m  OK  [0m] Started LSB: daemon to balance interrupts for SMP systems.
[[0;32m  OK  [0m] Started LSB: automatic crash report generation.
[[0;32m  OK  [0m] Started Virtualbox guest utils.
[[0;32m  OK  [0m] Started LXD - container startup/shutdown.
[[0;32m  OK  [0m] Started Snappy daemon.
         Starting Wait until snapd is fully seeded...
[[0;32m  OK  [0m] Started Pollinate to seed the pseudo random number generator.
         Starting OpenBSD Secure Shell server...
[[0;32m  OK  [0m] Started OpenBSD Secure Shell server.
[[0;32m  OK  [0m] Started Wait until snapd is fully seeded.
[[0;32m  OK  [0m] Reached target Multi-User System.
[[0;32m  OK  [0m] Reached target Graphical Interface.
         Starting Update UTMP about System Runlevel Changes...
         Starting Apply the settings specified in cloud-config...
[[0;32m  OK  [0m] Started Update UTMP about System Runlevel Changes.
[   14.576720] cloud-init[1326]: Generating locales (this might take a while)...
[[0;32m  OK  [0m] Created slice User Slice of vagrant.
         Starting User Manager for UID 1000...
[[0;32m  OK  [0m] Started Session 1 of user vagrant.
[[0;32m  OK  [0m] Started User Manager for UID 1000.
[   16.023218] cloud-init[1326]:   en_US.UTF-8... done
[   16.026423] cloud-init[1326]: Generation complete.
[   17.440447] cloud-init[1326]: Cloud-init v. 19.4-33-gbb4131a2-0ubuntu1~16.04.1 running 'modules:config' at Thu, 23 Apr 2020 15:44:15 +0000. Up 14.43 seconds.

Ubuntu 16.04.6 LTS ubuntu-xenial ttyS0

ubuntu-xenial login: ci-info: no authorized SSH keys fingerprints found for user ubuntu.
<14>Apr 23 15:44:19 ec2: 
<14>Apr 23 15:44:19 ec2: #############################################################
<14>Apr 23 15:44:19 ec2: -----BEGIN SSH HOST KEY FINGERPRINTS-----
<14>Apr 23 15:44:19 ec2: 1024 SHA256:lRGNM2g0AgT8jqmmbfmgbv2pUqk2yenJ1CQUur3/IIk root@ubuntu-xenial (DSA)
<14>Apr 23 15:44:19 ec2: 256 SHA256:GnDrnc3Zp7mK+/13jFj0zAz4ATej3dp7XlilJnojy+k root@ubuntu-xenial (ECDSA)
<14>Apr 23 15:44:19 ec2: 256 SHA256:0zMOoNyPHFxmRXbw08zsmMWoI80Q2iFgeUVsUik8dlQ root@ubuntu-xenial (ED25519)
<14>Apr 23 15:44:19 ec2: 2048 SHA256:/F7UK5nUAXYWeiw8h/yMvH/h4ULr49DTLRmlLvUuuLE root@ubuntu-xenial (RSA)
<14>Apr 23 15:44:19 ec2: -----END SSH HOST KEY FINGERPRINTS-----
<14>Apr 23 15:44:19 ec2: #############################################################
-----BEGIN SSH HOST KEY KEYS-----
ecdsa-sha2-nistp256 AAAAE2VjZHNhLXNoYTItbmlzdHAyNTYAAAAIbmlzdHAyNTYAAABBBKXJraNkxFZuDY9ebOk6ok3fGayE7cWJB8DcBxyCMhPZ5xqaryKPhy20rD6q6WXvyjQF78bdmF6nGp5yMEuGrhg= root@ubuntu-xenial
ssh-ed25519 AAAAC3NzaC1lZDI1NTE5AAAAIJbVlqc7vJrp0DZ6cU3lXstfnSZH+ZlSkxMl9FLsQn5R root@ubuntu-xenial
ssh-rsa AAAAB3NzaC1yc2EAAAADAQABAAABAQDY7wQsrvJHzYW99aADjnrxb5fCKEk69krSKjSbnCnfqrWwBdPwCTggIg54MAd/ZC4o7ilqGJ0NQEk/u8M+an1I70bMzo/Nxrubpyfwoq9Hv43rkps/7OuI9G42rElz743WAGdTYerCE3IsgwsdIxHLAG/I2hO5QzOSfbSg9nF0modPug7GwhJP4vo6uGg9W51XmaNF+kEZxUZdhcxlGqMsAwW6FqpYB3XU2E8hNY5nDROqu+LcD2FBu8ANUQeuuvoGvxp0hdB4389a9B+odfKy1xaszQ/I1x5PUt932ywgf4HdiLSHLCPwvgF4WYUHjFJa54UFAuJD19lbApXnNyOv root@ubuntu-xenial
-----END SSH HOST KEY KEYS-----
[   18.745879] cloud-init[1469]: Cloud-init v. 19.4-33-gbb4131a2-0ubuntu1~16.04.1 running 'modules:final' at Thu, 23 Apr 2020 15:44:19 +0000. Up 18.45 seconds.
[   18.766492] cloud-init[1469]: ci-info: no authorized SSH keys fingerprints found for user ubuntu.
[   18.769537] cloud-init[1469]: Cloud-init v. 19.4-33-gbb4131a2-0ubuntu1~16.04.1 finished at Thu, 23 Apr 2020 15:44:20 +0000. Datasource DataSourceNoCloud [seed=/dev/sdb][dsmode=net].  Up 18.71 seconds
